0,0; 0,5877852522924731; 0,9510565162951535; 0,9510565162951536; 0,5877852522924732; 1,2246467991473532E-16; -0,587785252292473; -0,9510565162951535; -0,9510565162951536; -0,5877852522924734